// Jest Snapshot v1, https://goo.gl/fbAQLP

exports[`renders correctly 1`] = `
<p>
  Ans - 
  not Define
</p>
`;

exports[`renders correctly with props 1`] = `
<p>
  Ans - 
  ANSWER
</p>
`;
