// Jest Snapshot v1, https://goo.gl/fbAQLP

exports[`renders correctly 1`] = `"undefined"`;

exports[`renders correctly with props 1`] = `"QUESTION"`;
